Microchip MPLAB XC8 Compiler V2.41

Linker command line:

-W-3 \
  --edf=/root/.mchp_packs/Microchip/PIC18F-Q_DFP/1.16.368/xc8/pic/dat/20230209155309_en.msgs \
  -pivt0x8=08h -cn -h+dist/default/production/q84.X.production.sym \
  --cmf=dist/default/production/q84.X.production.cmf -z -Q18F47Q84 \
  -o/tmp/xcXEcfGJN/driver_tmp_3.o --defsym=__MPLAB_BUILD=1 \
  --fixupoverflow=error -Mdist/default/production/q84.X.production.map \
  --md=/tmp/xcXEcfGJN/driver_tmp_0.dat -E1 -ver=XC8 Compiler --acfsm=1493 \
  -ACODE=00h-01FFFFh -ACONST=00h-01FFFFh -ASMALLCONST=04000h-040FFhx448 \
  -AMEDIUMCONST=04000h-0FFFFh,014000h-01FFFFh -ACOMRAM=0501h-055Fh \
  -AABS1=0500h-036FFh -ABIGRAM=0501h-036FFh \
  -ARAM=0560h-05FFh,0600h-06FFhx49 -ABANK5=0560h-05FFh -ABANK6=0600h-06FFh \
  -ABANK7=0700h-07FFh -ABANK8=0800h-08FFh -ABANK9=0900h-09FFh \
  -ABANK10=0A00h-0AFFh -ABANK11=0B00h-0BFFh -ABANK12=0C00h-0CFFh \
  -ABANK13=0D00h-0DFFh -ABANK14=0E00h-0EFFh -ABANK15=0F00h-0FFFh \
  -ABANK16=01000h-010FFh -ABANK17=01100h-011FFh -ABANK18=01200h-012FFh \
  -ABANK19=01300h-013FFh -ABANK20=01400h-014FFh -ABANK21=01500h-015FFh \
  -ABANK22=01600h-016FFh -ABANK23=01700h-017FFh -ABANK24=01800h-018FFh \
  -ABANK25=01900h-019FFh -ABANK26=01A00h-01AFFh -ABANK27=01B00h-01BFFh \
  -ABANK28=01C00h-01CFFh -ABANK29=01D00h-01DFFh -ABANK30=01E00h-01EFFh \
  -ABANK31=01F00h-01FFFh -ABANK32=02000h-020FFh -ABANK33=02100h-021FFh \
  -ABANK34=02200h-022FFh -ABANK35=02300h-023FFh -ABANK36=02400h-024FFh \
  -ABANK37=02500h-025FFh -ABANK38=02600h-026FFh -ABANK39=02700h-027FFh \
  -ABANK40=02800h-028FFh -ABANK41=02900h-029FFh -ABANK42=02A00h-02AFFh \
  -ABANK43=02B00h-02BFFh -ABANK44=02C00h-02CFFh -ABANK45=02D00h-02DFFh \
  -ABANK46=02E00h-02EFFh -ABANK47=02F00h-02FFFh -ABANK48=03000h-030FFh \
  -ABANK49=03100h-031FFh -ABANK50=03200h-032FFh -ABANK51=03300h-033FFh \
  -ABANK52=03400h-034FFh -ABANK53=03500h-035FFh -ABANK54=03600h-036FFh \
  -ASFR=00h-0FFhx4,0400h-045Fh,0460h-04FFh,03700h-037FFhx9 \
  -ABIGSFR=00h-04FFh,03700h-03FFFh -ACONFIG=0300000h-0300023h \
  -AIDLOC=0200000h-020003Fh -AEEDATA=0380000h-03803FFh -peeprom_data=EEDATA \
  -preset_vec=00h -ppowerup=CODE,init -pramtop=04000h \
  -psmallconst=SMALLCONST -pmediumconst=MEDIUMCONST -pconst=CONST \
  -AFARRAM=00h-00h \
  -prdata=COMRAM,nvrram=COMRAM,nvbit=COMRAM,rbss=COMRAM,rbit=COMRAM \
  -pfarbss=FARRAM,fardata=FARRAM,nvFARRAM=FARRAM \
  -pintsave_regs=BIGRAM,bigbss=BIGRAM,bigdata=BIGRAM -pbss=RAM \
  -pidata=CODE,irdata=CODE,ibigdata=CODE,ifardata=CODE -prparam=COMRAM \
  /tmp/xcXEcfGJN/driver_tmp_9.o dist/default/production/q84.X.production.o 

Object code version is 3.11

Machine type is 18F47Q84



                Name                               Link     Load   Length Selector   Space Scale
/tmp/xcXEcfGJN/driver_tmp_9.o
                idloc                            200000   200000       40        0       5
                config                           300000   300000       23        0       4
                init                                10A      10A        4        4       0
                reset_vec                             0        0        4        0       0
dist/default/production/q84.X.production.o
                idloc                            200000   200000       40        0       5
                config                           300000   300000       23        0       4
                ivt0x8                                8        8      102        4       0
                text19                              654      654        2        4       0
                text18                              622      622       10        4       0
                text17                              612      612       10        4       0
                text16                              5BE      5BE       14        4       0
                text15                              602      602       10        4       0
                text14                              64A      64A        A        4       0
                text13                              5F2      5F2       10        4       0
                text12                              5E2      5E2       10        4       0
                text11                              5AA      5AA       14        4       0
                text10                              5D2      5D2       10        4       0
                text9                               640      640        A        4       0
                text8                               4A6      4A6       4C        4       0
                text7                               45A      45A       4C        4       0
                text6                               4F2      4F2       3A        4       0
                text5                               592      592       18        4       0
                text4                               3DE      3DE       7C        4       0
                text3                               52C      52C       28        4       0
                text2                               632      632        E        4       0
                text1                               574      574       1E        4       0
                text0                               10E      10E      2D0        4       0
                cstackCOMRAM                        513      513        4      501       1
                bssCOMRAM                           501      501       12      501       1
                cinit                               554      554       20        4       0

TOTAL           Name                               Link     Load   Length     Space
        CLASS   CODE           
                init                                10A      10A        4         0
                reset_vec                             0        0        4         0
                ivt0x8                                8        8      102         0
                text19                              654      654        2         0
                text18                              622      622       10         0
                text17                              612      612       10         0
                text16                              5BE      5BE       14         0
                text15                              602      602       10         0
                text14                              64A      64A        A         0
                text13                              5F2      5F2       10         0
                text12                              5E2      5E2       10         0
                text11                              5AA      5AA       14         0
                text10                              5D2      5D2       10         0
                text9                               640      640        A         0
                text8                               4A6      4A6       4C         0
                text7                               45A      45A       4C         0
                text6                               4F2      4F2       3A         0
                text5                               592      592       18         0
                text4                               3DE      3DE       7C         0
                text3                               52C      52C       28         0
                text2                               632      632        E         0
                text1                               574      574       1E         0
                text0                               10E      10E      2D0         0
                cinit                               554      554       20         0

        CLASS   CONST          

        CLASS   SMALLCONST     

        CLASS   MEDIUMCONST    

        CLASS   COMRAM         
                cstackCOMRAM                        513      513        4         1
                bssCOMRAM                           501      501       12         1

        CLASS   ABS1           

        CLASS   BIGRAM         

        CLASS   RAM            

        CLASS   BANK5          

        CLASS   BANK6          

        CLASS   BANK7          

        CLASS   BANK8          

        CLASS   BANK9          

        CLASS   BANK10         

        CLASS   BANK11         

        CLASS   BANK12         

        CLASS   BANK13         

        CLASS   BANK14         

        CLASS   BANK15         

        CLASS   BANK16         

        CLASS   BANK17         

        CLASS   BANK18         

        CLASS   BANK19         

        CLASS   BANK20         

        CLASS   BANK21         

        CLASS   BANK22         

        CLASS   BANK23         

        CLASS   BANK24         

        CLASS   BANK25         

        CLASS   BANK26         

        CLASS   BANK27         

        CLASS   BANK28         

        CLASS   BANK29         

        CLASS   BANK30         

        CLASS   BANK31         

        CLASS   BANK32         

        CLASS   BANK33         

        CLASS   BANK34         

        CLASS   BANK35         

        CLASS   BANK36         

        CLASS   BANK37         

        CLASS   BANK38         

        CLASS   BANK39         

        CLASS   BANK40         

        CLASS   BANK41         

        CLASS   BANK42         

        CLASS   BANK43         

        CLASS   BANK44         

        CLASS   BANK45         

        CLASS   BANK46         

        CLASS   BANK47         

        CLASS   BANK48         

        CLASS   BANK49         

        CLASS   BANK50         

        CLASS   BANK51         

        CLASS   BANK52         

        CLASS   BANK53         

        CLASS   BANK54         

        CLASS   SFR            

        CLASS   BIGSFR         

        CLASS   CONFIG         
                config                           300000   300000       23         4

        CLASS   IDLOC          
                idloc                            200000   200000       40         5

        CLASS   EEDATA         

        CLASS   FARRAM         

        CLASS   HEAP           

        CLASS   STACK          



SEGMENTS        Name                           Load    Length   Top    Selector   Space  Class

                reset_vec                      000000  000004  000004         0       0  CODE    
                bssCOMRAM                      000501  000016  000517       501       1  COMRAM  
                ivt0x8                         000008  00064E  000656         4       0  CODE    


UNUSED ADDRESS RANGES

        Name                Unused          Largest block    Delta
        BANK10           000A00-000AFF              100
        BANK11           000B00-000BFF              100
        BANK12           000C00-000CFF              100
        BANK13           000D00-000DFF              100
        BANK14           000E00-000EFF              100
        BANK15           000F00-000FFF              100
        BANK16           001000-0010FF              100
        BANK17           001100-0011FF              100
        BANK18           001200-0012FF              100
        BANK19           001300-0013FF              100
        BANK20           001400-0014FF              100
        BANK21           001500-0015FF              100
        BANK22           001600-0016FF              100
        BANK23           001700-0017FF              100
        BANK24           001800-0018FF              100
        BANK25           001900-0019FF              100
        BANK26           001A00-001AFF              100
        BANK27           001B00-001BFF              100
        BANK28           001C00-001CFF              100
        BANK29           001D00-001DFF              100
        BANK30           001E00-001EFF              100
        BANK31           001F00-001FFF              100
        BANK32           002000-0020FF              100
        BANK33           002100-0021FF              100
        BANK34           002200-0022FF              100
        BANK35           002300-0023FF              100
        BANK36           002400-0024FF              100
        BANK37           002500-0025FF              100
        BANK38           002600-0026FF              100
        BANK39           002700-0027FF              100
        BANK40           002800-0028FF              100
        BANK41           002900-0029FF              100
        BANK42           002A00-002AFF              100
        BANK43           002B00-002BFF              100
        BANK44           002C00-002CFF              100
        BANK45           002D00-002DFF              100
        BANK46           002E00-002EFF              100
        BANK47           002F00-002FFF              100
        BANK48           003000-0030FF              100
        BANK49           003100-0031FF              100
        BANK5            000560-0005FF               A0
        BANK50           003200-0032FF              100
        BANK51           003300-0033FF              100
        BANK52           003400-0034FF              100
        BANK53           003500-0035FF              100
        BANK54           003600-0036FF              100
        BANK6            000600-0006FF              100
        BANK7            000700-0007FF              100
        BANK8            000800-0008FF              100
        BANK9            000900-0009FF              100
        BIGRAM           000517-0036FF             31E9
        BIGSFR           000000-0004FF              500
                         003700-003FFF              900
        CODE             000004-000007                4
                         000656-01FFFF            1F9AA
        COMRAM           000517-00055F               49
        CONFIG           300023-300023                1
        CONST            000004-000007                4
                         000656-01FFFF            1F9AA
        EEDATA           380000-3803FF              400
        MEDIUMCONST      004000-00FFFF             C000
                         014000-01FFFF             C000
        RAM              000560-0036FF              100
        SFR              000000-0004FF              100
                         003700-003FFF              100
        SMALLCONST       004000-01FFFF              100

                                  Symbol Table

DMA1_SetDestinationAddress@address  cstackCOMRAM 000513
DMA1_SetDestinationSize@size        cstackCOMRAM 000513
DMA1_SetSourceAddress@address       cstackCOMRAM 000513
DMA1_SetSourceSize@size             cstackCOMRAM 000513
DMA2_SetDestinationAddress@address  cstackCOMRAM 000513
DMA2_SetDestinationSize@size        cstackCOMRAM 000513
DMA2_SetSourceAddress@address       cstackCOMRAM 000513
DMA2_SetSourceSize@size             cstackCOMRAM 000513
INTERRUPT_Initialize@state          cstackCOMRAM 000513
IVTBASEH                            (abs)        00045E
IVTBASEL                            (abs)        00045D
IVTBASEU                            (abs)        00045F
_ANSELA                             (abs)        000400
_ANSELB                             (abs)        000408
_ANSELC                             (abs)        000410
_ANSELD                             (abs)        000418
_ANSELE                             (abs)        000420
_DMA1PR                             (abs)        0000B6
_DMA1_Initialize                    text8        0004A6
_DMA1_SetDestinationAddress         text18       000622
_DMA1_SetDestinationSize            text17       000612
_DMA1_SetSourceAddress              text16       0005BE
_DMA1_SetSourceSize                 text15       000602
_DMA1_StartTransfer                 text14       00064A
_DMA2PR                             (abs)        0000B7
_DMA2_Initialize                    text7        00045A
_DMA2_SetDestinationAddress         text13       0005F2
_DMA2_SetDestinationSize            text12       0005E2
_DMA2_SetSourceAddress              text11       0005AA
_DMA2_SetSourceSize                 text10       0005D2
_DMA2_StartTransfer                 text9        000640
_DMASELECT                          (abs)        0000E8
_DMAnAIRQ                           (abs)        0000FE
_DMAnCON0                           (abs)        0000FC
_DMAnCON0bits                       (abs)        0000FC
_DMAnCON1                           (abs)        0000FD
_DMAnCON1bits                       (abs)        0000FD
_DMAnDPTR                           (abs)        0000EC
_DMAnDSA                            (abs)        0000F0
_DMAnDSZ                            (abs)        0000EE
_DMAnSIRQ                           (abs)        0000FF
_DMAnSPTR                           (abs)        0000F4
_DMAnSSA                            (abs)        0000F9
_DMAnSSZ                            (abs)        0000F7
_Default_ISR                        text19       000654
_GIE                                (abs)        0026B7
_INLVLA                             (abs)        000404
_INLVLB                             (abs)        00040C
_INLVLC                             (abs)        000414
_INLVLD                             (abs)        00041C
_INLVLE                             (abs)        000424
_INTCON0bits                        (abs)        0004D6
_INTERRUPT_Initialize               text6        0004F2
_IVTBASEH                           (abs)        00045E
_IVTBASEL                           (abs)        00045D
_IVTBASEU                           (abs)        00045F
_IVTLOCK                            (abs)        000459
_IVTLOCKbits                        (abs)        000459
_LATA                               (abs)        0004BE
_LATB                               (abs)        0004BF
_LATC                               (abs)        0004C0
_LATCbits                           (abs)        0004C0
_LATD                               (abs)        0004C1
_LATDbits                           (abs)        0004C1
_LATE                               (abs)        0004C2
_ODCONA                             (abs)        000402
_ODCONB                             (abs)        00040A
_ODCONC                             (abs)        000412
_ODCOND                             (abs)        00041A
_ODCONE                             (abs)        000422
_OSCCON1                            (abs)        0000AD
_OSCCON3                            (abs)        0000AF
_OSCEN                              (abs)        0000B3
_OSCFRQ                             (abs)        0000B1
_OSCILLATOR_Initialize              text5        000592
_OSCTUNE                            (abs)        0000B0
_PIE2bits                           (abs)        0004A0
_PIE6bits                           (abs)        0004A4
_PIN_MANAGER_Initialize             text4        0003DE
_PIR2bits                           (abs)        0004B0
_PIR6bits                           (abs)        0004B4
_PMD0                               (abs)        000060
_PMD1                               (abs)        000061
_PMD2                               (abs)        000062
_PMD3                               (abs)        000063
_PMD4                               (abs)        000064
_PMD5                               (abs)        000065
_PMD6                               (abs)        000066
_PMD7                               (abs)        000067
_PMD8                               (abs)        000068
_PMD_Initialize                     text3        00052C
_PRLOCK                             (abs)        0000B4
_PRLOCKbits                         (abs)        0000B4
_SLRCONA                            (abs)        000403
_SLRCONB                            (abs)        00040B
_SLRCONC                            (abs)        000413
_SLRCOND                            (abs)        00041B
_SLRCONE                            (abs)        000423
_SYSTEM_Initialize                  text1        000574
_SystemArbiter_Initialize           text2        000632
_TRISA                              (abs)        0004C6
_TRISB                              (abs)        0004C7
_TRISC                              (abs)        0004C8
_TRISD                              (abs)        0004C9
_TRISE                              (abs)        0004CA
_WPUA                               (abs)        000401
_WPUB                               (abs)        000409
_WPUC                               (abs)        000411
_WPUD                               (abs)        000419
_WPUE                               (abs)        000421
__HRAM                              (abs)        000000
__H__absolute__                     __absolute__ 000000
__Habs1                             abs1         000000
__Hbank10                           bank10       000000
__Hbank11                           bank11       000000
__Hbank12                           bank12       000000
__Hbank13                           bank13       000000
__Hbank14                           bank14       000000
__Hbank15                           bank15       000000
__Hbank16                           bank16       000000
__Hbank17                           bank17       000000
__Hbank18                           bank18       000000
__Hbank19                           bank19       000000
__Hbank20                           bank20       000000
__Hbank21                           bank21       000000
__Hbank22                           bank22       000000
__Hbank23                           bank23       000000
__Hbank24                           bank24       000000
__Hbank25                           bank25       000000
__Hbank26                           bank26       000000
__Hbank27                           bank27       000000
__Hbank28                           bank28       000000
__Hbank29                           bank29       000000
__Hbank30                           bank30       000000
__Hbank31                           bank31       000000
__Hbank32                           bank32       000000
__Hbank33                           bank33       000000
__Hbank34                           bank34       000000
__Hbank35                           bank35       000000
__Hbank36                           bank36       000000
__Hbank37                           bank37       000000
__Hbank38                           bank38       000000
__Hbank39                           bank39       000000
__Hbank40                           bank40       000000
__Hbank41                           bank41       000000
__Hbank42                           bank42       000000
__Hbank43                           bank43       000000
__Hbank44                           bank44       000000
__Hbank45                           bank45       000000
__Hbank46                           bank46       000000
__Hbank47                           bank47       000000
__Hbank48                           bank48       000000
__Hbank49                           bank49       000000
__Hbank5                            bank5        000000
__Hbank50                           bank50       000000
__Hbank51                           bank51       000000
__Hbank52                           bank52       000000
__Hbank53                           bank53       000000
__Hbank54                           bank54       000000
__Hbank6                            bank6        000000
__Hbank7                            bank7        000000
__Hbank8                            bank8        000000
__Hbank9                            bank9        000000
__Hbigbss                           bigbss       000000
__Hbigdata                          bigdata      000000
__Hbigram                           bigram       000000
__Hbigsfr                           bigsfr       000000
__Hbss                              bss          000000
__HbssCOMRAM                        bssCOMRAM    000000
__Hcinit                            cinit        000000
__Hclrtext                          clrtext      000000
__Hcomram                           comram       000000
__Hconfig                           config       300023
__Hconst                            const        000000
__HcstackCOMRAM                     cstackCOMRAM 000000
__Hdata                             data         000000
__Heeprom_data                      eeprom_data  000000
__Hfarbss                           farbss       000000
__Hfardata                          fardata      000000
__Hheap                             heap         000000
__Hibigdata                         ibigdata     000000
__Hidata                            idata        000000
__Hidloc                            idloc        200040
__Hifardata                         ifardata     000000
__Hinit                             init         00010E
__Hintsave_regs                     intsave_regs 000000
__Hirdata                           irdata       000000
__Hivt0x8                           ivt0x8       00010A
__Hmediumconst                      mediumconst  000000
__HnvFARRAM                         nvFARRAM     000000
__Hnvbit                            nvbit        000000
__Hnvrram                           nvrram       000000
__Hparam                            rparam       000000
__Hpowerup                          powerup      000000
__Hram                              ram          000000
__Hramtop                           ramtop       004000
__Hrbit                             rbit         000000
__Hrbss                             rbss         000000
__Hrdata                            rdata        000000
__Hreset_vec                        reset_vec    000004
__Hrparam                           rparam       000000
__Hsfr                              sfr          000000
__Hsmallconst                       smallconst   000000
__Hspace_0                          (abs)        004000
__Hspace_1                          (abs)        000517
__Hspace_2                          (abs)        000000
__Hspace_4                          (abs)        600023
__Hstack                            stack        000000
__Hstruct                           struct       000000
__Htemp                             temp         000000
__Htext                             text         000000
__Htext0                            text0        000000
__Htext1                            text1        000000
__Htext10                           text10       000000
__Htext11                           text11       000000
__Htext12                           text12       000000
__Htext13                           text13       000000
__Htext14                           text14       000000
__Htext15                           text15       000000
__Htext16                           text16       000000
__Htext17                           text17       000000
__Htext18                           text18       000000
__Htext19                           text19       000000
__Htext2                            text2        000000
__Htext3                            text3        000000
__Htext4                            text4        000000
__Htext5                            text5        000000
__Htext6                            text6        000000
__Htext7                            text7        000000
__Htext8                            text8        000000
__Htext9                            text9        000000
__LRAM                              (abs)        000001
__L__absolute__                     __absolute__ 000000
__Labs1                             abs1         000000
__Lbank10                           bank10       000000
__Lbank11                           bank11       000000
__Lbank12                           bank12       000000
__Lbank13                           bank13       000000
__Lbank14                           bank14       000000
__Lbank15                           bank15       000000
__Lbank16                           bank16       000000
__Lbank17                           bank17       000000
__Lbank18                           bank18       000000
__Lbank19                           bank19       000000
__Lbank20                           bank20       000000
__Lbank21                           bank21       000000
__Lbank22                           bank22       000000
__Lbank23                           bank23       000000
__Lbank24                           bank24       000000
__Lbank25                           bank25       000000
__Lbank26                           bank26       000000
__Lbank27                           bank27       000000
__Lbank28                           bank28       000000
__Lbank29                           bank29       000000
__Lbank30                           bank30       000000
__Lbank31                           bank31       000000
__Lbank32                           bank32       000000
__Lbank33                           bank33       000000
__Lbank34                           bank34       000000
__Lbank35                           bank35       000000
__Lbank36                           bank36       000000
__Lbank37                           bank37       000000
__Lbank38                           bank38       000000
__Lbank39                           bank39       000000
__Lbank40                           bank40       000000
__Lbank41                           bank41       000000
__Lbank42                           bank42       000000
__Lbank43                           bank43       000000
__Lbank44                           bank44       000000
__Lbank45                           bank45       000000
__Lbank46                           bank46       000000
__Lbank47                           bank47       000000
__Lbank48                           bank48       000000
__Lbank49                           bank49       000000
__Lbank5                            bank5        000000
__Lbank50                           bank50       000000
__Lbank51                           bank51       000000
__Lbank52                           bank52       000000
__Lbank53                           bank53       000000
__Lbank54                           bank54       000000
__Lbank6                            bank6        000000
__Lbank7                            bank7        000000
__Lbank8                            bank8        000000
__Lbank9                            bank9        000000
__Lbigbss                           bigbss       000000
__Lbigdata                          bigdata      000000
__Lbigram                           bigram       000000
__Lbigsfr                           bigsfr       000000
__Lbss                              bss          000000
__LbssCOMRAM                        bssCOMRAM    000000
__Lcinit                            cinit        000000
__Lclrtext                          clrtext      000000
__Lcomram                           comram       000000
__Lconfig                           config       000000
__Lconst                            const        000000
__LcstackCOMRAM                     cstackCOMRAM 000000
__Ldata                             data         000000
__Leeprom_data                      eeprom_data  000000
__Lfarbss                           farbss       000000
__Lfardata                          fardata      000000
__Lheap                             heap         000000
__Libigdata                         ibigdata     000000
__Lidata                            idata        000000
__Lidloc                            idloc        000000
__Lifardata                         ifardata     000000
__Linit                             init         00010A
__Lintsave_regs                     intsave_regs 000000
__Lirdata                           irdata       000000
__Livt0x8                           ivt0x8       000008
__Lmediumconst                      mediumconst  000000
__LnvFARRAM                         nvFARRAM     000000
__Lnvbit                            nvbit        000000
__Lnvrram                           nvrram       000000
__Lparam                            rparam       000000
__Lpowerup                          powerup      000000
__Lram                              ram          000000
__Lramtop                           ramtop       004000
__Lrbit                             rbit         000000
__Lrbss                             rbss         000000
__Lrdata                            rdata        000000
__Lreset_vec                        reset_vec    000000
__Lrparam                           rparam       000000
__Lsfr                              sfr          000000
__Lsmallconst                       smallconst   000000
__Lspace_0                          (abs)        000000
__Lspace_1                          (abs)        000000
__Lspace_2                          (abs)        000000
__Lspace_4                          (abs)        000000
__Lstack                            stack        000000
__Lstruct                           struct       000000
__Ltemp                             temp         000000
__Ltext                             text         000000
__Ltext0                            text0        000000
__Ltext1                            text1        000000
__Ltext10                           text10       000000
__Ltext11                           text11       000000
__Ltext12                           text12       000000
__Ltext13                           text13       000000
__Ltext14                           text14       000000
__Ltext15                           text15       000000
__Ltext16                           text16       000000
__Ltext17                           text17       000000
__Ltext18                           text18       000000
__Ltext19                           text19       000000
__Ltext2                            text2        000000
__Ltext3                            text3        000000
__Ltext4                            text4        000000
__Ltext5                            text5        000000
__Ltext6                            text6        000000
__Ltext7                            text7        000000
__Ltext8                            text8        000000
__Ltext9                            text9        000000
__S0                                (abs)        000656
__S1                                (abs)        000517
__S4                                (abs)        000000
__S5                                (abs)        000000
___heap_hi                          (abs)        000000
___heap_lo                          (abs)        000000
___inthi_sp                         stack        000000
___intlo_sp                         stack        000000
___param_bank                       (abs)        000000
___rparam_used                      (abs)        000001
___sp                               stack        000000
__accesstop                         (abs)        000560
__activetblptr                      (abs)        000000
__end_of_DMA1_Initialize            text8        0004F2
__end_of_DMA1_SetDestinationAddress text18       000632
__end_of_DMA1_SetDestinationSize    text17       000622
__end_of_DMA1_SetSourceAddress      text16       0005D2
__end_of_DMA1_SetSourceSize         text15       000612
__end_of_DMA1_StartTransfer         text14       000654
__end_of_DMA2_Initialize            text7        0004A6
__end_of_DMA2_SetDestinationAddress text13       000602
__end_of_DMA2_SetDestinationSize    text12       0005F2
__end_of_DMA2_SetSourceAddress      text11       0005BE
__end_of_DMA2_SetSourceSize         text10       0005E2
__end_of_DMA2_StartTransfer         text9        00064A
__end_of_Default_ISR                text19       000656
__end_of_INTERRUPT_Initialize       text6        00052C
__end_of_OSCILLATOR_Initialize      text5        0005AA
__end_of_PIN_MANAGER_Initialize     text4        00045A
__end_of_PMD_Initialize             text3        000554
__end_of_SYSTEM_Initialize          text1        000592
__end_of_SystemArbiter_Initialize   text2        000640
__end_of__initialization            cinit        00056E
__end_of_main                       text0        0003DE
__initialization                    cinit        000554
__mediumconst                       mediumconst  000000
__pbssCOMRAM                        bssCOMRAM    000501
__pcinit                            cinit        000554
__pcstackCOMRAM                     cstackCOMRAM 000513
__pivt0x8                           ivt0x8       000008
__ptext0                            text0        00010E
__ptext1                            text1        000574
__ptext10                           text10       0005D2
__ptext11                           text11       0005AA
__ptext12                           text12       0005E2
__ptext13                           text13       0005F2
__ptext14                           text14       00064A
__ptext15                           text15       000602
__ptext16                           text16       0005BE
__ptext17                           text17       000612
__ptext18                           text18       000622
__ptext19                           text19       000654
__ptext2                            text2        000632
__ptext3                            text3        00052C
__ptext4                            text4        0003DE
__ptext5                            text5        000592
__ptext6                            text6        0004F2
__ptext7                            text7        00045A
__ptext8                            text8        0004A6
__ptext9                            text9        000640
__ramtop                            ramtop       004000
__smallconst                        smallconst   000000
_bd                                 bssCOMRAM    000511
_bpattern                           bssCOMRAM    000501
_dd                                 bssCOMRAM    000512
_dpattern                           bssCOMRAM    000509
_main                               text0        00010E
end_of_initialization               cinit        00056E
intlevel0                           text         000000
intlevel1                           text         000000
intlevel2                           text         000000
intlevel3                           text         000000
isa$std                             (abs)        000001
isa$xinst                           (abs)        000000
ivt0x8_base                         ivt0x8       000008
ivt0x8_undefint                     ivt0x8       000108
stackhi                             (abs)        000000
stacklo                             (abs)        000000
start                               init         00010A
start_initialization                cinit        000554


MODULE INFORMATION

Module		Function		Class		Link	Load	Size
mcc_generated_files/interrupt_manager.c
		_INTERRUPT_Initialize		CODE           	04F2	0000	58
		_Default_ISR   		CODE           	0654	0000	2

mcc_generated_files/interrupt_manager.c estimated size: 60

mcc_generated_files/pin_manager.c
		_PIN_MANAGER_Initialize		CODE           	03DE	0000	124

mcc_generated_files/pin_manager.c estimated size: 124

mcc_generated_files/dma1.c
		_DMA1_Initialize		CODE           	04A6	0000	76
		_DMA1_SetSourceAddress		CODE           	05BE	0000	20
		_DMA1_SetSourceSize		CODE           	0602	0000	16
		_DMA1_StartTransfer		CODE           	064A	0000	10
		_DMA1_SetDestinationAddress		CODE           	0622	0000	16
		_DMA1_SetDestinationSize		CODE           	0612	0000	16

mcc_generated_files/dma1.c estimated size: 154

shared
		__initialization		CODE           	0554	0000	26

shared estimated size: 26

mcc_generated_files/mcc.c
		_SystemArbiter_Initialize		CODE           	0632	0000	14
		_PMD_Initialize		CODE           	052C	0000	40
		_OSCILLATOR_Initialize		CODE           	0592	0000	24
		_SYSTEM_Initialize		CODE           	0574	0000	30

mcc_generated_files/mcc.c estimated size: 108

main.c
		_main          		CODE           	010E	0000	720

main.c estimated size: 720

mcc_generated_files/dma2.c
		_DMA2_Initialize		CODE           	045A	0000	76
		_DMA2_SetSourceAddress		CODE           	05AA	0000	20
		_DMA2_SetSourceSize		CODE           	05D2	0000	16
		_DMA2_StartTransfer		CODE           	0640	0000	10
		_DMA2_SetDestinationAddress		CODE           	05F2	0000	16
		_DMA2_SetDestinationSize		CODE           	05E2	0000	16

mcc_generated_files/dma2.c estimated size: 154

